// Jest Snapshot v1, https://goo.gl/fbAQLP

exports[`footer components renders 1`] = `
<DocumentFragment>
  <div
    class="footer"
  >
    Â© 2021
  </div>
</DocumentFragment>
`;
